C51 COMPILER V8.12   LED                                                                   02/08/2014 23:00:44 PAGE 1   


C51 COMPILER V8.12, COMPILATION OF MODULE LED
OBJECT MODULE PLACED IN led.OBJ
COMPILER INVOKED BY: C:\Keil\C51\BIN\C51.EXE led.c BROWSE DEBUG OBJECTEXTEND

line level    source

   1          #include<reg51.h>
   2          void delay();
   3          void main()
   4          {
   5   1      P0=0xFF;
   6   1      while(1)
   7   1      {
   8   2      if(P0==0x01)
   9   2      P0=0xFF;
  10   2      else
  11   2      P0=0x00;
  12   2      }
  13   1      /*while(1)
  14   1      {
  15   1      if(P0==0x03)
  16   1      P1=0xFF;
  17   1      else if(P0==0x01)
  18   1      P1=0x0C;
  19   1      else if(P0==0x02)
  20   1      P1=0x0B;
  21   1      else if(P0==0x00)
  22   1      P1=0x09;
  23   1      }       */
  24   1      } 
  25          void delay()
  26          {
  27   1      unsigned int i;
  28   1      for(i=0;i<=30000;i++);
  29   1      }


MODULE INFORMATION:   STATIC OVERLAYABLE
   CODE SIZE        =     32    ----
   CONSTANT SIZE    =   ----    ----
   XDATA SIZE       =   ----    ----
   PDATA SIZE       =   ----    ----
   DATA SIZE        =   ----    ----
   IDATA SIZE       =   ----    ----
   BIT SIZE         =   ----    ----
END OF MODULE INFORMATION.


C51 COMPILATION COMPLETE.  0 WARNING(S),  0 ERROR(S)
